<b-button color="primary" type="submit">
    <button type="submit">
        <slot>Primary</slot>
    </button>
</b-button>
