<b-dialog opened="">
    <b-dialog--card>
        test
    </b-dialog--card>
</b-dialog>