// Jest Snapshot v1, https://goo.gl/fbAQLP

exports[`stringifyAttributes test 1`] = `"a=\\"1\\" b=\\"b\\"  d e=\\"{\\"a\\":1}\\""`;
